// Jest Snapshot v1, https://goo.gl/fbAQLP

exports[`Header Component matches snapshot 1`] = `
<header
  className="AppHeader"
  data-testid="APP_HEADER"
>
  <nav
    className="AppHeaderNav"
  >
    <div
      className="Logo"
    >
      <svg
        className="LogoIcon"
        height={50}
        viewBox="0 0 33 50"
        width={33}
      >
        <title>
          Downwrite Logo
        </title>
        <defs>
          <radialGradient
            fx="50%"
            fy="50%"
            id="a"
            r="143.827%"
          >
            <stop
              offset="0%"
              stopColor="#FFCE00"
            />
            <stop
              offset="16.39%"
              stopColor="#FFD600"
            />
            <stop
              offset="57.9%"
              stopColor="#FFE600"
            />
            <stop
              offset="100%"
              stopColor="#FFCE00"
            />
          </radialGradient>
          <radialGradient
            fx="50%"
            fy="50%"
            id="b"
            r="143.827%"
          >
            <stop
              offset="0%"
              stopColor="#FFB600"
            />
            <stop
              offset="52.49%"
              stopColor="#FFC200"
            />
            <stop
              offset="100%"
              stopColor="#F4A903"
            />
          </radialGradient>
        </defs>
        <g
          fill="none"
          fillRule="evenodd"
        >
          <path
            d="M16.469 5.275V30.97c1.202 0 2.176.965 2.176 2.155s-.974 2.155-2.176 2.155v9.444l10.101-9.594L16.47 5.275z"
            fill="url(#a)"
          />
          <path
            d="M14.293 33.126c0-1.19.974-2.155 2.176-2.155V5.275L6.367 35.13l10.102 9.594v-9.444a2.165 2.165 0 0 1-2.176-2.155z"
            fill="url(#b)"
          />
          <path
            d="M32.938 50H0V0h32.938v50zM1.63 48.47h29.677V1.53H1.63v46.94z"
            fill="#FFC200"
          />
        </g>
      </svg>
    </div>
    <h1
      className="AppHeaderTitle"
      data-testid="APP_HEADER_TITLE"
    >
      <a
        className="AppHeaderLink"
      >
        Downwrite
      </a>
    </h1>
  </nav>
  <nav
    className="AppHeaderNav"
  >
    <a
      className="AltLink"
      style={
        Object {
          "marginRight": 16,
        }
      }
    >
      Login or Sign Up
    </a>
  </nav>
</header>
`;
