// Jest Snapshot v1, https://goo.gl/fbAQLP

exports[`<Button /> matches snapshot 1`] = `
.c0 {
  background-color: #ffb600;
  border-radius: 0.25rem;
  border: 0;
  box-shadow: 0 0 4px rgba(0,0,0,0.037),0 4px 8px rgba(0,0,0,0.07);
  box-sizing: inherit;
  color: #282828;
  display: block;
  font-family: inherit;
  font-size: 14px;
  font-weight: 700;
  line-height: inherit;
  padding: 0.25rem 1.125rem;
  -webkit-transition: background-color 250ms ease-in-out;
  transition: background-color 250ms ease-in-out;
  cursor: pointer;
}

.c0:hover {
  background-color: #ffc200;
}

.c0[disabled] {
  -webkit-filter: grayscale(100%);
  filter: grayscale(100%);
}

<button
  class="c0"
  data-testid="TESTING_BUTTON"
>
  Button
</button>
`;
