// Jest Snapshot v1, https://goo.gl/fbAQLP

exports[`<Card /> matches snapshot 1`] = `
<div
  class="Card"
  data-testid="CARD"
>
  <header
    class="CardHeader"
  >
    <h2
      class="CardTitle"
      data-testid="CARD_TITLE"
    >
      <a
        class="link"
      >
        Starting Again
      </a>
    </h2>
    <small
      class="CardMeta"
    >
      added 
      less than a minute
       ago
    </small>
  </header>
  <footer
    class="CardTray"
  >
    <div
      class="links"
      data-testid="CARD_EXCERPT"
    >
      <a
        class="link"
        style="margin-right: 8px;"
      >
        Edit
      </a>
    </div>
    <button
      class="CardDeleteButton"
      data-testid="CARD_DELETE_BUTTON"
    >
      Delete
    </button>
  </footer>
</div>
`;
